// Jest Snapshot v1, https://goo.gl/fbAQLP

exports[`Header should match the snapshot 1`] = `
<h1
  className="app-name"
>
  Study Pal
</h1>
`;
